Microchip MPLAB XC8 Compiler V3.10

Linker command line:

-W-3 \
  --edf=C:\Program Files\Microchip\xc8\v3.10\pic\dat\20250813170317_en.msgs \
  -cn -h+dist/default/production\Wave4550_2.X.production.sym \
  --cmf=dist/default/production\Wave4550_2.X.production.cmf -z -Q18F4550 \
  -oC:\Users\NILSED~1\AppData\Local\Temp\xcAsn5c.0\driver_tmp_3.o \
  --defsym=__MPLAB_BUILD=1 --fixupoverflow=error \
  -Mdist/default/production/Wave4550_2.X.production.map \
  --md=C:\Users\NILSED~1\AppData\Local\Temp\xcAsn5c.0\driver_tmp_0.dat -E1 \
  -ver=XC8 Compiler -ACODE=00h-07FFFh -ACONST=00h-07FFFh \
  -ASMALLCONST=0800h-08FFhx120 -AMEDIUMCONST=0800h-07FFFh -ACOMRAM=01h-05Fh \
  -AABS1=00h-07FFh -ABIGRAM=01h-07FFh -ARAM=060h-0FFh,0100h-01FFhx7 \
  -ABANK0=060h-0FFh -ABANK1=0100h-01FFh -ABANK2=0200h-02FFh \
  -ABANK3=0300h-03FFh -ABANK4=0400h-04FFh -ABANK5=0500h-05FFh \
  -ABANK6=0600h-06FFh -ABANK7=0700h-07FFh -ASFR=0F60h-0FFFh \
  -ABIGSFR=0F60h-0FFFh -ACONFIG=0300000h-030000Dh -AIDLOC=0200000h-0200007h \
  -AEEDATA=0F00000h-0F000FFh -peeprom_data=EEDATA \
  -preset_vec=00h,intcode=8h,intcodelo=18h,sivt_lo,sivt_hi=CODE \
  -ppowerup=CODE,init -pramtop=0800h -psmallconst=SMALLCONST \
  -pmediumconst=MEDIUMCONST -pconst=CONST -AFARRAM=00h-00h \
  -prdata=COMRAM,nvrram=COMRAM,nvbit=COMRAM,rbss=COMRAM,rbit=COMRAM \
  -pfarbss=FARRAM,fardata=FARRAM,nvFARRAM=FARRAM \
  -pintsave_regs=BIGRAM,bigbss=BIGRAM,bigdata=BIGRAM -pbss=RAM \
  -pidata=CODE,irdata=CODE,ibigdata=CODE,ifardata=CODE -prparam=COMRAM \
  C:\Users\NILSED~1\AppData\Local\Temp\xcAsn5c.0\driver_tmp_9.o \
  dist/default/production\Wave4550_2.X.production.o 

Object code version is 3.11

Machine type is 18F4550



                Name                               Link     Load   Length Selector   Space Scale
C:\Users\NILSED~1\AppData\Local\Temp\xcAsn5c.0\driver_tmp_9.o
                config                           300000   300000        E        0       4
                init                                  E        E        4        4       0
                reset_vec                             0        0        4        0       0
dist/default/production\Wave4550_2.X.production.o
                intcode                               8        8        6        4       0
                config                           300000   300000        E        0       4
                mediumconst                        6300     6300     1D00     3180       0
                intcode_body                         12       12      318        4       0
                text0                               32A      32A      2F0        4       0
                cstackCOMRAM                         41       41       19        2       1
                dataCOMRAM                           5A       5A        5        2       1
                bssCOMRAM                             2        2       3F        2       1
                cinit                               61A      61A       3A        4       0
                idataCOMRAM                         654      654        5        4       0

TOTAL           Name                               Link     Load   Length     Space
        CLASS   CODE           
                intcode                               8        8        6         0
                init                                  E        E        4         0
                reset_vec                             0        0        4         0
                intcode_body                         12       12      318         0
                text0                               32A      32A      2F0         0
                cinit                               61A      61A       3A         0
                idataCOMRAM                         654      654        5         0

        CLASS   CONST          

        CLASS   SMALLCONST     

        CLASS   MEDIUMCONST    
                mediumconst                        6300     6300     1D00         0

        CLASS   COMRAM         
                cstackCOMRAM                         41       41       19         1
                dataCOMRAM                           5A       5A        5         1
                bssCOMRAM                             2        2       3F         1

        CLASS   ABS1           
                abs_s1                                1        1        1         1

        CLASS   BIGRAM         

        CLASS   RAM            

        CLASS   BANK0          

        CLASS   BANK1          

        CLASS   BANK2          

        CLASS   BANK3          

        CLASS   BANK4          

        CLASS   BANK5          

        CLASS   BANK6          

        CLASS   BANK7          

        CLASS   SFR            

        CLASS   BIGSFR         

        CLASS   CONFIG         
                config                           300000   300000        E         4

        CLASS   IDLOC          

        CLASS   EEDATA         

        CLASS   FARRAM         

        CLASS   HEAP           

        CLASS   STACK          



SEGMENTS        Name                           Load    Length   Top    Selector   Space  Class

                reset_vec                      000000  000004  000004         0       0  CODE    
                bssCOMRAM                      000002  00005D  00005F         2       1  COMRAM  
                intcode                        000008  000651  000659         4       0  CODE    
                mediumconst                    006300  001D00  008000      3180       0  MEDIUMCO


UNUSED ADDRESS RANGES

        Name                Unused          Largest block    Delta
        BANK0            000060-0000FF               A0
        BANK1            000100-0001FF              100
        BANK2            000200-0002FF              100
        BANK3            000300-0003FF              100
        BANK4            000400-0004FF              100
        BANK5            000500-0005FF              100
        BANK6            000600-0006FF              100
        BANK7            000700-0007FF              100
        BIGRAM           00005F-0007FF              7A1
        BIGSFR           000F60-000FFF               A0
        CODE             000004-000007                4
                         000659-0062FF             5CA7
        COMRAM           00005F-00005F                1
        CONST            000004-000007                4
                         000659-0062FF             5CA7
        EEDATA           F00000-F000FF              100
        IDLOC            200000-200007                8
        MEDIUMCONST      000800-0062FF             5B00
        RAM              000060-0007FF              100
        SFR              000F60-000FFF               A0
        SMALLCONST       000800-0062FF              100

                                  Symbol Table

_ADCON0                   (abs)        000FC2
_ADCON1                   (abs)        000FC1
_ADCON2                   (abs)        000FC0
_ADFM                     (abs)        007E07
_ADIE                     (abs)        007CEE
_ADIP                     (abs)        007CFE
_ADRESH                   (abs)        000FC4
_ADRESL                   (abs)        000FC3
_ActWave                  bssCOMRAM    000028
_ActWave2                 bssCOMRAM    000026
_FMLevel                  bssCOMRAM    000039
_FinalWave                bssCOMRAM    000036
_GIE                      (abs)        007F97
_GODONE                   (abs)        007E11
_ModDest                  dataCOMRAM   00005D
_ModFreq                  bssCOMRAM    00000A
_ModLevel                 bssCOMRAM    00003A
_ModWave                  bssCOMRAM    00001E
_ModWave2                 bssCOMRAM    00002E
_ModWavse                 bssCOMRAM    000032
_PEIE                     (abs)        007F96
_PORTB                    (abs)        000F81
_PORTDbits                (abs)        000F83
_PRODH                    (abs)        000FF4
_Peek                     bssCOMRAM    00003F
_Peek2                    bssCOMRAM    00003E
_PitchMode                dataCOMRAM   00005C
_RBIE                     (abs)        007F93
_T0CON                    (abs)        000FD5
_TMR0IE                   (abs)        007F95
_TMR0IF                   (abs)        007F92
_TMR0L                    (abs)        000FD6
_TRISA                    (abs)        000F92
_TRISB                    (abs)        000F93
_TRISD                    (abs)        000F95
_TRISE                    (abs)        000F96
_Volume1                  bssCOMRAM    00003D
_Volume2                  bssCOMRAM    00003C
_Volume3                  bssCOMRAM    00003B
_WaveBank                 bssCOMRAM    00002C
_WaveMode                 bssCOMRAM    000035
__HRAM                    (abs)        000000
__H__absolute__           __absolute__ 000000
__Habs1                   abs1         000000
__Hbank0                  bank0        000000
__Hbank1                  bank1        000000
__Hbank2                  bank2        000000
__Hbank3                  bank3        000000
__Hbank4                  bank4        000000
__Hbank5                  bank5        000000
__Hbank6                  bank6        000000
__Hbank7                  bank7        000000
__Hbigbss                 bigbss       000000
__Hbigdata                bigdata      000000
__Hbigram                 bigram       000000
__Hbigsfr                 bigsfr       000000
__Hbss                    bss          000000
__HbssCOMRAM              bssCOMRAM    000000
__Hcinit                  cinit        000000
__Hclrtext                clrtext      000000
__Hcomram                 comram       000000
__Hconfig                 config       30000E
__Hconst                  const        000000
__HcstackCOMRAM           cstackCOMRAM 000000
__Hdata                   data         000000
__HdataCOMRAM             dataCOMRAM   000000
__Heeprom_data            eeprom_data  000000
__Hfarbss                 farbss       000000
__Hfardata                fardata      000000
__Hheap                   heap         000000
__Hibigdata               ibigdata     000000
__Hidata                  idata        000000
__HidataCOMRAM            idataCOMRAM  000000
__Hidloc                  idloc        000000
__Hifardata               ifardata     000000
__Hinit                   init         000012
__Hintcode                intcode      00000E
__Hintcode_body           intcode_body 000000
__Hintcodelo              intcodelo    000018
__Hintentry               intentry     000000
__Hintret                 intret       000000
__Hintsave_regs           intsave_regs 000000
__Hirdata                 irdata       000000
__Hmediumconst            mediumconst  008000
__HnvFARRAM               nvFARRAM     000000
__Hnvbit                  nvbit        000000
__Hnvrram                 nvrram       000000
__Hparam                  rparam       000000
__Hpowerup                powerup      000000
__Hram                    ram          000000
__Hramtop                 ramtop       000800
__Hrbit                   rbit         000000
__Hrbss                   rbss         000000
__Hrdata                  rdata        000000
__Hreset_vec              reset_vec    000004
__Hrparam                 rparam       000000
__Hsfr                    sfr          000000
__Hsivt_hi                sivt_hi      000000
__Hsivt_lo                sivt_lo      000018
__Hsmallconst             smallconst   000000
__Hspace_0                (abs)        008000
__Hspace_1                (abs)        00005F
__Hspace_2                (abs)        000000
__Hspace_4                (abs)        60000E
__Hstack                  stack        000000
__Hstruct                 struct       000000
__Htemp                   temp         000000
__Htext                   text         000000
__Htext0                  text0        000000
__LRAM                    (abs)        000001
__L__absolute__           __absolute__ 000000
__Labs1                   abs1         000000
__Lbank0                  bank0        000000
__Lbank1                  bank1        000000
__Lbank2                  bank2        000000
__Lbank3                  bank3        000000
__Lbank4                  bank4        000000
__Lbank5                  bank5        000000
__Lbank6                  bank6        000000
__Lbank7                  bank7        000000
__Lbigbss                 bigbss       000000
__Lbigdata                bigdata      000000
__Lbigram                 bigram       000000
__Lbigsfr                 bigsfr       000000
__Lbss                    bss          000000
__LbssCOMRAM              bssCOMRAM    000000
__Lcinit                  cinit        000000
__Lclrtext                clrtext      000000
__Lcomram                 comram       000000
__Lconfig                 config       000000
__Lconst                  const        000000
__LcstackCOMRAM           cstackCOMRAM 000000
__Ldata                   data         000000
__LdataCOMRAM             dataCOMRAM   000000
__Leeprom_data            eeprom_data  000000
__Lfarbss                 farbss       000000
__Lfardata                fardata      000000
__Lheap                   heap         000000
__Libigdata               ibigdata     000000
__Lidata                  idata        000000
__LidataCOMRAM            idataCOMRAM  000000
__Lidloc                  idloc        000000
__Lifardata               ifardata     000000
__Linit                   init         00000E
__Lintcode                intcode      000008
__Lintcode_body           intcode_body 000000
__Lintcodelo              intcodelo    000018
__Lintentry               intentry     000000
__Lintret                 intret       000000
__Lintsave_regs           intsave_regs 000000
__Lirdata                 irdata       000000
__Lmediumconst            mediumconst  006300
__LnvFARRAM               nvFARRAM     000000
__Lnvbit                  nvbit        000000
__Lnvrram                 nvrram       000000
__Lparam                  rparam       000000
__Lpowerup                powerup      000000
__Lram                    ram          000000
__Lramtop                 ramtop       000800
__Lrbit                   rbit         000000
__Lrbss                   rbss         000000
__Lrdata                  rdata        000000
__Lreset_vec              reset_vec    000000
__Lrparam                 rparam       000000
__Lsfr                    sfr          000000
__Lsivt_hi                sivt_hi      000000
__Lsivt_lo                sivt_lo      000018
__Lsmallconst             smallconst   000000
__Lspace_0                (abs)        000000
__Lspace_1                (abs)        000000
__Lspace_2                (abs)        000000
__Lspace_4                (abs)        000000
__Lstack                  stack        000000
__Lstruct                 struct       000000
__Ltemp                   temp         000000
__Ltext                   text         000000
__Ltext0                  text0        000000
__S0                      (abs)        008000
__S1                      (abs)        00005F
__S4                      (abs)        000000
__S5                      (abs)        000000
___heap_hi                (abs)        000000
___heap_lo                (abs)        000000
___inthi_sp               stack        000000
___inthi_stack_hi         stack        000000
___inthi_stack_lo         stack        000000
___intlo_sp               stack        000000
___intlo_stack_hi         stack        000000
___intlo_stack_lo         stack        000000
___param_bank             (abs)        000000
___rparam_used            (abs)        000001
___sp                     stack        000000
___stack_hi               stack        000000
___stack_lo               stack        000000
__accesstop               (abs)        000060
__activetblptr            (abs)        000002
__end_of__initialization  cinit        000646
__end_of_defineISR        intcode_body 00032A
__end_of_main             text0        00061A
__end_of_notes            mediumconst  0063FF
__end_of_table1           mediumconst  007FFF
__end_of_table3           mediumconst  007DFF
__initialization          cinit        00061A
__mediumconst             mediumconst  006300
__pbssCOMRAM              bssCOMRAM    000002
__pcinit                  cinit        00061A
__pcstackCOMRAM           cstackCOMRAM 000041
__pdataCOMRAM             dataCOMRAM   00005A
__pidataCOMRAM            idataCOMRAM  000654
__pintcode                intcode      000008
__pintcode_body           intcode_body 000012
__pmediumconst            mediumconst  006300
__ptext0                  text0        00032A
__ramtop                  ramtop       000800
__smallconst              mediumconst  006300
_adresult16               bssCOMRAM    00002A
_adresult8                bssCOMRAM    000040
_bounceDelay              bssCOMRAM    000022
_count                    bssCOMRAM    00001A
_count2                   bssCOMRAM    000016
_count3                   bssCOMRAM    000002
_defineISR                intcode      000008
_freq                     bssCOMRAM    000030
_main                     text0        00032A
_mode                     dataCOMRAM   00005E
_nmbr                     bssCOMRAM    000012
_nmbr2                    bssCOMRAM    00000E
_notes                    mediumconst  006301
_peekWave                 dataCOMRAM   00005A
_pitchpot                 bssCOMRAM    000006
_table1                   mediumconst  007DFF
_table3                   mediumconst  0063FF
_waSy                     bssCOMRAM    000034
_wave                     bssCOMRAM    000037
_wave2                    bssCOMRAM    000038
_wavse                    bssCOMRAM    000024
btemp                     (abs)        000001
btemp0                    (abs)        000001
btemp1                    (abs)        000002
defineISR@accumulator_now cstackCOMRAM 000056
defineISR@direction       cstackCOMRAM 000053
defineISR@modPN           cstackCOMRAM 00004D
defineISR@readAndPointPN  cstackCOMRAM 000051
defineISR@tonePN          cstackCOMRAM 000054
defineISR@waveCycle       cstackCOMRAM 00004F
end_of_initialization     cinit        000646
int$flags                 (abs)        000001
int_func                  intcode_body 000012
intlevel0                 text         000000
intlevel1                 text         000000
intlevel2                 text         000000
intlevel3                 text         000000
isa$std                   (abs)        000001
isa$xinst                 (abs)        000000
stackhi                   (abs)        000000
stacklo                   (abs)        000000
start                     init         00000E
start_initialization      cinit        00061A


MODULE INFORMATION

Module		Function		Class		Link	Load	Size
shared
		_notes         		MEDIUMCONST    	6301	0000	254
		_table1        		MEDIUMCONST    	7DFF	0000	512
		__initialization		CODE           	061A	0000	44
		_table3        		MEDIUMCONST    	63FF	0000	6656

shared estimated size: 7466

main.c
		_main          		CODE           	032A	0000	752
		_defineISR     		CODE           	0008	0000	798

main.c estimated size: 1550

